// Vitest Snapshot v1, https://vitest.dev/guide/snapshot.html

exports[`Pokemon stats screen > should render the pokemon stats 1`] = `
"
			<div class="pokemon-stats">
				<span class="stats-title">Base Stats</span>
				<div class="stats-list">
					<div class="stat-row">
						<span class="stat-name">hp</span>
						<div class="stat-bar">
							<div class="stat-fill" style="width:19%;background:#cc3333;box-shadow:0 0 4px #cc333388"></div>
						</div>
						<span class="stat-value" style="color:#cc3333">48</span>
					</div>
				</div>
			</div>
		"
`;
